src/routes/beach-ratings.ts(197,12): error TS7006: Parameter 'b' implicitly has an 'any' type.
src/routes/beach-ratings.ts(206,34): error TS7006: Parameter 'beach' implicitly has an 'any' type.
src/routes/beach-ratings.ts(206,41): error TS7006: Parameter 'idx' implicitly has an 'any' type.
src/routes/beach-ratings.ts(209,18): error TS7006: Parameter 's' implicitly has an 'any' type.
src/routes/beach-ratings.ts(221,46): error TS7006: Parameter 'beach' implicitly has an 'any' type.
src/routes/beach-ratings.ts(226,12): error TS7006: Parameter 'sum' implicitly has an 'any' type.
src/routes/beach-ratings.ts(226,17): error TS7006: Parameter 'score' implicitly has an 'any' type.
src/routes/beach-ratings.ts(232,23): error TS7006: Parameter 'score' implicitly has an 'any' type.
src/routes/beach-ratings.ts(239,28): error TS7006: Parameter 's' implicitly has an 'any' type.
src/routes/beach-ratings.ts(242,12): error TS7006: Parameter 'sum' implicitly has an 'any' type.
src/routes/beach-ratings.ts(242,17): error TS7006: Parameter 'score' implicitly has an 'any' type.
src/routes/beach-ratings.ts(258,10): error TS7006: Parameter 'beach' implicitly has an 'any' type.
src/routes/beach-ratings.ts(282,46): error TS7006: Parameter 'f' implicitly has an 'any' type.
src/routes/beach-ratings.ts(344,68): error TS7006: Parameter 'beach' implicitly has an 'any' type.
src/routes/beach-ratings.ts(347,16): error TS7006: Parameter 'sum' implicitly has an 'any' type.
src/routes/beach-ratings.ts(347,21): error TS7006: Parameter 'score' implicitly has an 'any' type.
src/routes/beach-ratings.ts(351,27): error TS7006: Parameter 'score' implicitly has an 'any' type.
src/routes/beach-ratings.ts(356,32): error TS7006: Parameter 's' implicitly has an 'any' type.
src/routes/beach-ratings.ts(359,16): error TS7006: Parameter 'sum' implicitly has an 'any' type.
src/routes/beach-ratings.ts(359,21): error TS7006: Parameter 'score' implicitly has an 'any' type.
src/routes/beach-ratings.ts(374,48): error TS7006: Parameter 'beach' implicitly has an 'any' type.
src/routes/beach-ratings.ts(411,58): error TS7006: Parameter 'a' implicitly has an 'any' type.
src/routes/beach-ratings.ts(411,61): error TS7006: Parameter 'b' implicitly has an 'any' type.
src/routes/beach-ratings.ts(421,42): error TS7006: Parameter 'b' implicitly has an 'any' type.
src/routes/beach-ratings.ts(421,45): error TS7006: Parameter 'idx' implicitly has an 'any' type.
src/routes/beach-ratings.ts(432,42): error TS7006: Parameter 'b' implicitly has an 'any' type.
src/routes/beach-ratings.ts(436,46): error TS7006: Parameter 's' implicitly has an 'any' type.
src/routes/beach-ratings.ts(559,43): error TS7006: Parameter 'score' implicitly has an 'any' type.
src/routes/filtered-beaches.ts(318,11): error TS7006: Parameter 'beach' implicitly has an 'any' type.
src/routes/filtered-beaches.ts(338,31): error TS7006: Parameter 'beach' implicitly has an 'any' type.
src/routes/squads.ts(184,54): error TS7006: Parameter 'tx' implicitly has an 'any' type.
src/routes/squads.ts(315,47): error TS7006: Parameter 'm' implicitly has an 'any' type.
src/routes/subscriptions.ts(126,69): error TS7006: Parameter 'c' implicitly has an 'any' type.
src/routes/subscriptions.ts(183,55): error TS7006: Parameter 'tx' implicitly has an 'any' type.
src/services/alertProcessor.ts(58,49): error TS7006: Parameter 'alert' implicitly has an 'any' type.
src/services/alertProcessor.ts(72,13): error TS7006: Parameter 'alert' implicitly has an 'any' type.
src/services/alertProcessor.ts(84,16): error TS7006: Parameter 'id' implicitly has an 'any' type.
src/services/alertProcessor.ts(127,27): error TS7006: Parameter 'r' implicitly has an 'any' type.
src/services/alertProcessor.ts(131,41): error TS7006: Parameter 'br' implicitly has an 'any' type.
src/services/alertProcessor.ts(171,14): error TS7006: Parameter 'f' implicitly has an 'any' type.
src/services/alertService.ts(66,27): error TS7006: Parameter 'forecast' implicitly has an 'any' type.
src/services/alertService.ts(88,8): error TS7006: Parameter 'forecast' implicitly has an 'any' type.
src/services/alertService.ts(244,45): error TS7006: Parameter 'tx' implicitly has an 'any' type.
src/services/alertService.ts(336,38): error TS7006: Parameter 'tx' implicitly has an 'any' type.
src/services/logService.ts(38,28): error TS7006: Parameter 'entry' implicitly has an 'any' type.
src/services/logService.ts(521,45): error TS7006: Parameter 'entry' implicitly has an 'any' type.
src/services/logService.ts(525,37): error TS7006: Parameter 'alert' implicitly has an 'any' type.
src/services/logService.ts(957,25): error TS7006: Parameter 'entry' implicitly has an 'any' type.
src/services/regionDataService.ts(40,46): error TS7006: Parameter 'region' implicitly has an 'any' type.
src/services/scoreService.ts(316,8): error TS7006: Parameter 'acc' implicitly has an 'any' type.
src/services/scoreService.ts(316,15): error TS7031: Binding element 'regionId' implicitly has an 'any' type.
src/services/scoreService.ts(316,25): error TS7031: Binding element '_count' implicitly has an 'any' type.
src/services/scoreService.ts(413,8): error TS7006: Parameter 'a' implicitly has an 'any' type.
src/services/scoreService.ts(413,11): error TS7006: Parameter 'b' implicitly has an 'any' type.
src/services/scoreService.ts(420,26): error TS7006: Parameter 'beach' implicitly has an 'any' type.
src/services/surfConditionsService.ts(111,27): error TS7006: Parameter 'r' implicitly has an 'any' type.
