
--- Testing getLatestConditions with forceRefresh for WINDGURU (SourceB) ---
[getLatestConditions] ≡ƒöì Looking up region by ID: "western-cape"
prisma:query BEGIN
prisma:query DEALLOCATE ALL
prisma:query SELECT "public"."Region"."id", "public"."Region"."name", "public"."Region"."countryId", "public"."Region"."continent" FROM "public"."Region" WHERE ("public"."Region"."id" = $1 AND 1=1) LIMIT $2 OFFSET $3
prisma:query COMMIT
[getLatestConditions] Γ£à Region found by ID: western-cape (Western Cape)
[getLatestConditions] ≡ƒöì Querying forecast for regionId: western-cape, date: 2026-04-09T00:00:00.000Z, source: WINDGURU
prisma:query BEGIN
prisma:query DEALLOCATE ALL
prisma:query SELECT "public"."Forecast"."id", "public"."Forecast"."date", "public"."Forecast"."regionId", "public"."Forecast"."source"::text, "public"."Forecast"."windSpeed", "public"."Forecast"."windDirection", "public"."Forecast"."swellHeight", "public"."Forecast"."swellPeriod", "public"."Forecast"."swellDirection" FROM "public"."Forecast" WHERE ("public"."Forecast"."date" = $1 AND "public"."Forecast"."regionId" = $2 AND "public"."Forecast"."source" = CAST($3::text AS "public"."ForecastSource")) LIMIT $4 OFFSET $5
prisma:query COMMIT
[getLatestConditions] ≡ƒôè Forecast query result: {
  found: true,
  regionId: 'western-cape',
  date: '2026-04-09T00:00:00.000Z',
  source: 'WINDGURU',
  forceRefresh: true,
  existingSource: 'WINDGURU',
  windDirection: 225,
  swellDirection: 202.5
}
[getLatestConditions] ≡ƒöº Using sourceB for WINDGURU
[getLatestConditions] ≡ƒîÉ Scraping forecast for western-cape from https://www.windguru.cz/95115 (source: WINDGURU)

=== Starting Windguru Scraper ===
Scraping URL: https://www.windguru.cz/95115
Region: western-cape
Using system Chrome for local development
Γ£à Browser launched
Γ£à New page created
[scraperB] ≡ƒîÉ Navigating to https://www.windguru.cz/95115...
[scraperB] Γ£à Page loaded successfully
[scraperB] ΓÅ│ Waiting for dynamic content to render...
[scraperB] ≡ƒöì Checking for iframes...
[scraperB] Found 100 frame(s) on page
[scraperB] Γ£à Found .tabulka in main page
[scraperB] ≡ƒöì Waiting for Windguru table selector (.tabulka)...
Γ£à Found Windguru table (.tabulka)
[scraperB] ΓÅ│ Waiting 2 seconds for table data to populate...
[scraperB] ≡ƒöì Extracting forecast data from page...
[scraperB] ≡ƒöì Raw forecast data extracted (16 item(s)): [
  {
    "date": {},
    "hour": 1,
    "unixtime": 1775696400,
    "windSpeed": "1",
    "windDir": "SW",
    "waveHeight": "1.4",
    "wavePeriod": "12",
    "waveDir": "SSW"
  },
  {
    "date": {},
    "hour": 1,
    "unixtime": 1775782800,
    "windSpeed": "6",
    "windDir": "N",
    "waveHeight": "1.5",
    "wavePeriod": "14",
    "waveDir": "SW"
  },
  {
    "date": {},
    "hour": 1,
    "unixtime": 1775869200,
    "windSpeed": "6",
    "windDir": "SSW",
    "waveHeight": "1.2",
    "wavePeriod": "13",
    "waveDir": "SW"
  },
  {
    "date": {},
    "hour": 1,
    "unixtime": 1775955600,
    "windSpeed": "6",
    "windDir": "S",
    "waveHeight": "1.2",
    "wavePeriod": "12",
    "waveDir": "SSW"
  },
  {
    "date": {},
    "hour": 3,
    "unixtime": 1776049200,
    "windSpeed": "2",
    "windDir": "S",
    "waveHeight": "0.9",
    "wavePeriod": "11",
    "waveDir": "SW"
  },
  {
    "date": {},
    "hour": 3,
    "unixtime": 1776135600,
    "windSpeed": "3",
    "windDir": "WNW",
    "waveHeight": "1.2",
    "wavePeriod": "13",
    "waveDir": "SW"
  },
  {
    "date": {},
    "hour": 3,
    "unixtime": 1776222000,
    "windSpeed": "7",
    "windDir": "SW",
    "waveHeight": "2.6",
    "wavePeriod": "13",
    "waveDir": "SW"
  },
  {
    "date": {},
    "hour": 3,
    "unixtime": 1776308400,
    "windSpeed": "4",
    "windDir": "ESE",
    "waveHeight": "2.7",
    "wavePeriod": "15",
    "waveDir": "SW"
  },
  {
    "date": {},
    "hour": 3,
    "unixtime": 1776394800,
    "windSpeed": "4",
    "windDir": "NW",
    "waveHeight": "1.8",
    "wavePeriod": "13",
    "waveDir": "SSW"
  },
  {
    "date": {},
    "hour": 3,
    "unixtime": 1776481200,
    "windSpeed": "9",
    "windDir": "NNE",
    "waveHeight": "1.8",
    "wavePeriod": "14",
    "waveDir": "SW"
  },
  {
    "date": {},
    "hour": 3,
    "unixtime": 1776567600,
    "windSpeed": "8",
    "windDir": "SSW",
    "waveHeight": "2.6",
    "wavePeriod": "10",
    "waveDir": "SW"
  },
  {
    "date": {},
    "hour": 3,
    "unixtime": 1776654000,
    "windSpeed": "5",
    "windDir": "ESE",
    "waveHeight": "2",
    "wavePeriod": "10",
    "waveDir": "SSW"
  },
  {
    "date": {},
    "hour": 3,
    "unixtime": 1776740400,
    "windSpeed": "6",
    "windDir": "ESE",
    "waveHeight": "2.1",
    "wavePeriod": "12",
    "waveDir": "SSW"
  },
  {
    "date": {},
    "hour": 3,
    "unixtime": 1776826800,
    "windSpeed": "3",
    "windDir": "E",
    "waveHeight": "2.3",
    "wavePeriod": "15",
    "waveDir": "SSW"
  },
  {
    "date": {},
    "hour": 3,
    "unixtime": 1776913200,
    "windSpeed": "5",
    "windDir": "S",
    "waveHeight": "2.2",
    "wavePeriod": "14",
    "waveDir": "SSW"
  },
  {
    "date": {},
    "hour": 3,
    "unixtime": 1776999600,
    "windSpeed": "7",
    "windDir": "SE",
    "waveHeight": "1.6",
    "wavePeriod": "12",
    "waveDir": "SSW"
  }
]
[scraperB] ≡ƒöä Processing forecast data: {
  raw: {
    date: {},
    hour: 1,
    unixtime: 1775696400,
    windSpeed: '1',
    windDir: 'SW',
    waveHeight: '1.4',
    wavePeriod: '12',
    waveDir: 'SSW'
  },
  windSpeed: '1',
  windDir: 'SW',
  waveHeight: '1.4',
  wavePeriod: '12',
  waveDir: 'SSW',
  unixtime: 1775696400
}
[scraperB] ≡ƒôè Parsed values: {
  windSpeedKnots: 1,
  windSpeedMs: 0.5,
  windDirection: 225,
  swellHeight: 1.4,
  swellPeriod: 12,
  swellDirection: 202.5
}
[scraperB] ≡ƒöä Processing forecast data: {
  raw: {
    date: {},
    hour: 1,
    unixtime: 1775782800,
    windSpeed: '6',
    windDir: 'N',
    waveHeight: '1.5',
    wavePeriod: '14',
    waveDir: 'SW'
  },
  windSpeed: '6',
  windDir: 'N',
  waveHeight: '1.5',
  wavePeriod: '14',
  waveDir: 'SW',
  unixtime: 1775782800
}
[scraperB] ≡ƒôè Parsed values: {
  windSpeedKnots: 6,
  windSpeedMs: 3.1,
  windDirection: 0,
  swellHeight: 1.5,
  swellPeriod: 14,
  swellDirection: 225
}
[scraperB] ≡ƒöä Processing forecast data: {
  raw: {
    date: {},
    hour: 1,
    unixtime: 1775869200,
    windSpeed: '6',
    windDir: 'SSW',
    waveHeight: '1.2',
    wavePeriod: '13',
    waveDir: 'SW'
  },
  windSpeed: '6',
  windDir: 'SSW',
  waveHeight: '1.2',
  wavePeriod: '13',
  waveDir: 'SW',
  unixtime: 1775869200
}
[scraperB] ≡ƒôè Parsed values: {
  windSpeedKnots: 6,
  windSpeedMs: 3.1,
  windDirection: 202.5,
  swellHeight: 1.2,
  swellPeriod: 13,
  swellDirection: 225
}
[scraperB] ≡ƒöä Processing forecast data: {
  raw: {
    date: {},
    hour: 1,
    unixtime: 1775955600,
    windSpeed: '6',
    windDir: 'S',
    waveHeight: '1.2',
    wavePeriod: '12',
    waveDir: 'SSW'
  },
  windSpeed: '6',
  windDir: 'S',
  waveHeight: '1.2',
  wavePeriod: '12',
  waveDir: 'SSW',
  unixtime: 1775955600
}
[scraperB] ≡ƒôè Parsed values: {
  windSpeedKnots: 6,
  windSpeedMs: 3.1,
  windDirection: 180,
  swellHeight: 1.2,
  swellPeriod: 12,
  swellDirection: 202.5
}
[scraperB] ≡ƒöä Processing forecast data: {
  raw: {
    date: {},
    hour: 3,
    unixtime: 1776049200,
    windSpeed: '2',
    windDir: 'S',
    waveHeight: '0.9',
    wavePeriod: '11',
    waveDir: 'SW'
  },
  windSpeed: '2',
  windDir: 'S',
  waveHeight: '0.9',
  wavePeriod: '11',
  waveDir: 'SW',
  unixtime: 1776049200
}
[scraperB] ≡ƒôè Parsed values: {
  windSpeedKnots: 2,
  windSpeedMs: 1,
  windDirection: 180,
  swellHeight: 0.9,
  swellPeriod: 11,
  swellDirection: 225
}
[scraperB] ≡ƒöä Processing forecast data: {
  raw: {
    date: {},
    hour: 3,
    unixtime: 1776135600,
    windSpeed: '3',
    windDir: 'WNW',
    waveHeight: '1.2',
    wavePeriod: '13',
    waveDir: 'SW'
  },
  windSpeed: '3',
  windDir: 'WNW',
  waveHeight: '1.2',
  wavePeriod: '13',
  waveDir: 'SW',
  unixtime: 1776135600
}
[scraperB] ≡ƒôè Parsed values: {
  windSpeedKnots: 3,
  windSpeedMs: 1.5,
  windDirection: 292.5,
  swellHeight: 1.2,
  swellPeriod: 13,
  swellDirection: 225
}
[scraperB] ≡ƒöä Processing forecast data: {
  raw: {
    date: {},
    hour: 3,
    unixtime: 1776222000,
    windSpeed: '7',
    windDir: 'SW',
    waveHeight: '2.6',
    wavePeriod: '13',
    waveDir: 'SW'
  },
  windSpeed: '7',
  windDir: 'SW',
  waveHeight: '2.6',
  wavePeriod: '13',
  waveDir: 'SW',
  unixtime: 1776222000
}
[scraperB] ≡ƒôè Parsed values: {
  windSpeedKnots: 7,
  windSpeedMs: 3.6,
  windDirection: 225,
  swellHeight: 2.6,
  swellPeriod: 13,
  swellDirection: 225
}
[scraperB] ≡ƒöä Processing forecast data: {
  raw: {
    date: {},
    hour: 3,
    unixtime: 1776308400,
    windSpeed: '4',
    windDir: 'ESE',
    waveHeight: '2.7',
    wavePeriod: '15',
    waveDir: 'SW'
  },
  windSpeed: '4',
  windDir: 'ESE',
  waveHeight: '2.7',
  wavePeriod: '15',
  waveDir: 'SW',
  unixtime: 1776308400
}
[scraperB] ≡ƒôè Parsed values: {
  windSpeedKnots: 4,
  windSpeedMs: 2.1,
  windDirection: 112.5,
  swellHeight: 2.7,
  swellPeriod: 15,
  swellDirection: 225
}
[scraperB] ≡ƒöä Processing forecast data: {
  raw: {
    date: {},
    hour: 3,
    unixtime: 1776394800,
    windSpeed: '4',
    windDir: 'NW',
    waveHeight: '1.8',
    wavePeriod: '13',
    waveDir: 'SSW'
  },
  windSpeed: '4',
  windDir: 'NW',
  waveHeight: '1.8',
  wavePeriod: '13',
  waveDir: 'SSW',
  unixtime: 1776394800
}
[scraperB] ≡ƒôè Parsed values: {
  windSpeedKnots: 4,
  windSpeedMs: 2.1,
  windDirection: 315,
  swellHeight: 1.8,
  swellPeriod: 13,
  swellDirection: 202.5
}
[scraperB] ≡ƒöä Processing forecast data: {
  raw: {
    date: {},
    hour: 3,
    unixtime: 1776481200,
    windSpeed: '9',
    windDir: 'NNE',
    waveHeight: '1.8',
    wavePeriod: '14',
    waveDir: 'SW'
  },
  windSpeed: '9',
  windDir: 'NNE',
  waveHeight: '1.8',
  wavePeriod: '14',
  waveDir: 'SW',
  unixtime: 1776481200
}
[scraperB] ≡ƒôè Parsed values: {
  windSpeedKnots: 9,
  windSpeedMs: 4.6,
  windDirection: 22.5,
  swellHeight: 1.8,
  swellPeriod: 14,
  swellDirection: 225
}
[scraperB] ≡ƒöä Processing forecast data: {
  raw: {
    date: {},
    hour: 3,
    unixtime: 1776567600,
    windSpeed: '8',
    windDir: 'SSW',
    waveHeight: '2.6',
    wavePeriod: '10',
    waveDir: 'SW'
  },
  windSpeed: '8',
  windDir: 'SSW',
  waveHeight: '2.6',
  wavePeriod: '10',
  waveDir: 'SW',
  unixtime: 1776567600
}
[scraperB] ≡ƒôè Parsed values: {
  windSpeedKnots: 8,
  windSpeedMs: 4.1,
  windDirection: 202.5,
  swellHeight: 2.6,
  swellPeriod: 10,
  swellDirection: 225
}
[scraperB] ≡ƒöä Processing forecast data: {
  raw: {
    date: {},
    hour: 3,
    unixtime: 1776654000,
    windSpeed: '5',
    windDir: 'ESE',
    waveHeight: '2',
    wavePeriod: '10',
    waveDir: 'SSW'
  },
  windSpeed: '5',
  windDir: 'ESE',
  waveHeight: '2',
  wavePeriod: '10',
  waveDir: 'SSW',
  unixtime: 1776654000
}
[scraperB] ≡ƒôè Parsed values: {
  windSpeedKnots: 5,
  windSpeedMs: 2.6,
  windDirection: 112.5,
  swellHeight: 2,
  swellPeriod: 10,
  swellDirection: 202.5
}
[scraperB] ≡ƒöä Processing forecast data: {
  raw: {
    date: {},
    hour: 3,
    unixtime: 1776740400,
    windSpeed: '6',
    windDir: 'ESE',
    waveHeight: '2.1',
    wavePeriod: '12',
    waveDir: 'SSW'
  },
  windSpeed: '6',
  windDir: 'ESE',
  waveHeight: '2.1',
  wavePeriod: '12',
  waveDir: 'SSW',
  unixtime: 1776740400
}
[scraperB] ≡ƒôè Parsed values: {
  windSpeedKnots: 6,
  windSpeedMs: 3.1,
  windDirection: 112.5,
  swellHeight: 2.1,
  swellPeriod: 12,
  swellDirection: 202.5
}
[scraperB] ≡ƒöä Processing forecast data: {
  raw: {
    date: {},
    hour: 3,
    unixtime: 1776826800,
    windSpeed: '3',
    windDir: 'E',
    waveHeight: '2.3',
    wavePeriod: '15',
    waveDir: 'SSW'
  },
  windSpeed: '3',
  windDir: 'E',
  waveHeight: '2.3',
  wavePeriod: '15',
  waveDir: 'SSW',
  unixtime: 1776826800
}
[scraperB] ≡ƒôè Parsed values: {
  windSpeedKnots: 3,
  windSpeedMs: 1.5,
  windDirection: 90,
  swellHeight: 2.3,
  swellPeriod: 15,
  swellDirection: 202.5
}
[scraperB] ≡ƒöä Processing forecast data: {
  raw: {
    date: {},
    hour: 3,
    unixtime: 1776913200,
    windSpeed: '5',
    windDir: 'S',
    waveHeight: '2.2',
    wavePeriod: '14',
    waveDir: 'SSW'
  },
  windSpeed: '5',
  windDir: 'S',
  waveHeight: '2.2',
  wavePeriod: '14',
  waveDir: 'SSW',
  unixtime: 1776913200
}
[scraperB] ≡ƒôè Parsed values: {
  windSpeedKnots: 5,
  windSpeedMs: 2.6,
  windDirection: 180,
  swellHeight: 2.2,
  swellPeriod: 14,
  swellDirection: 202.5
}
[scraperB] ≡ƒöä Processing forecast data: {
  raw: {
    date: {},
    hour: 3,
    unixtime: 1776999600,
    windSpeed: '7',
    windDir: 'SE',
    waveHeight: '1.6',
    wavePeriod: '12',
    waveDir: 'SSW'
  },
  windSpeed: '7',
  windDir: 'SE',
  waveHeight: '1.6',
  wavePeriod: '12',
  waveDir: 'SSW',
  unixtime: 1776999600
}
[scraperB] ≡ƒôè Parsed values: {
  windSpeedKnots: 7,
  windSpeedMs: 3.6,
  windDirection: 135,
  swellHeight: 1.6,
  swellPeriod: 12,
  swellDirection: 202.5
}
[scraperB] Γ£à Successfully scraped 16 forecast(s): [
  {
    "date": "2026-04-09T00:00:00.000Z",
    "windSpeed": 0.5,
    "windDirection": 225,
    "swellHeight": 1.4,
    "swellPeriod": 12,
    "swellDirection": 202.5
  },
  {
    "date": "2026-04-10T00:00:00.000Z",
    "windSpeed": 3.1,
    "windDirection": 0,
    "swellHeight": 1.5,
    "swellPeriod": 14,
    "swellDirection": 225
  },
  {
    "date": "2026-04-11T00:00:00.000Z",
    "windSpeed": 3.1,
    "windDirection": 202.5,
    "swellHeight": 1.2,
    "swellPeriod": 13,
    "swellDirection": 225
  },
  {
    "date": "2026-04-12T00:00:00.000Z",
    "windSpeed": 3.1,
    "windDirection": 180,
    "swellHeight": 1.2,
    "swellPeriod": 12,
    "swellDirection": 202.5
  },
  {
    "date": "2026-04-13T00:00:00.000Z",
    "windSpeed": 1,
    "windDirection": 180,
    "swellHeight": 0.9,
    "swellPeriod": 11,
    "swellDirection": 225
  },
  {
    "date": "2026-04-14T00:00:00.000Z",
    "windSpeed": 1.5,
    "windDirection": 292.5,
    "swellHeight": 1.2,
    "swellPeriod": 13,
    "swellDirection": 225
  },
  {
    "date": "2026-04-15T00:00:00.000Z",
    "windSpeed": 3.6,
    "windDirection": 225,
    "swellHeight": 2.6,
    "swellPeriod": 13,
    "swellDirection": 225
  },
  {
    "date": "2026-04-16T00:00:00.000Z",
    "windSpeed": 2.1,
    "windDirection": 112.5,
    "swellHeight": 2.7,
    "swellPeriod": 15,
    "swellDirection": 225
  },
  {
    "date": "2026-04-17T00:00:00.000Z",
    "windSpeed": 2.1,
    "windDirection": 315,
    "swellHeight": 1.8,
    "swellPeriod": 13,
    "swellDirection": 202.5
  },
  {
    "date": "2026-04-18T00:00:00.000Z",
    "windSpeed": 4.6,
    "windDirection": 22.5,
    "swellHeight": 1.8,
    "swellPeriod": 14,
    "swellDirection": 225
  },
  {
    "date": "2026-04-19T00:00:00.000Z",
    "windSpeed": 4.1,
    "windDirection": 202.5,
    "swellHeight": 2.6,
    "swellPeriod": 10,
    "swellDirection": 225
  },
  {
    "date": "2026-04-20T00:00:00.000Z",
    "windSpeed": 2.6,
    "windDirection": 112.5,
    "swellHeight": 2,
    "swellPeriod": 10,
    "swellDirection": 202.5
  },
  {
    "date": "2026-04-21T00:00:00.000Z",
    "windSpeed": 3.1,
    "windDirection": 112.5,
    "swellHeight": 2.1,
    "swellPeriod": 12,
    "swellDirection": 202.5
  },
  {
    "date": "2026-04-22T00:00:00.000Z",
    "windSpeed": 1.5,
    "windDirection": 90,
    "swellHeight": 2.3,
    "swellPeriod": 15,
    "swellDirection": 202.5
  },
  {
    "date": "2026-04-23T00:00:00.000Z",
    "windSpeed": 2.6,
    "windDirection": 180,
    "swellHeight": 2.2,
    "swellPeriod": 14,
    "swellDirection": 202.5
  },
  {
    "date": "2026-04-24T00:00:00.000Z",
    "windSpeed": 3.6,
    "windDirection": 135,
    "swellHeight": 1.6,
    "swellPeriod": 12,
    "swellDirection": 202.5
  }
]

≡ƒöÜ Browser closed
[getLatestConditions] ≡ƒôè Scraped 16 forecast(s), storing in database...
[getLatestConditions] ≡ƒÆ╛ Storing forecast for western-cape on 2026-04-09
prisma:query SELECT 1
prisma:query BEGIN
prisma:query DEALLOCATE ALL
prisma:query INSERT INTO "public"."Forecast" ("id","date","regionId","source","windSpeed","windDirection","swellHeight","swellPeriod","swellDirection") VALUES ($1,$2,$3,CAST($4::text AS "public"."ForecastSource"),$5,$6,$7,$8,$9) ON CONFLICT ("date","regionId","source") DO UPDATE SET "windSpeed" = $10, "windDirection" = $11, "swellHeight" = $12, "swellPeriod" = $13, "swellDirection" = $14 WHERE (("public"."Forecast"."date" = $15 AND "public"."Forecast"."regionId" = $16 AND "public"."Forecast"."source" = CAST($17::text AS "public"."ForecastSource")) AND 1=1) RETURNING "public"."Forecast"."id", "public"."Forecast"."date", "public"."Forecast"."regionId", "public"."Forecast"."source"::text, "public"."Forecast"."windSpeed", "public"."Forecast"."windDirection", "public"."Forecast"."swellHeight", "public"."Forecast"."swellPeriod", "public"."Forecast"."swellDirection"
prisma:query COMMIT
[getLatestConditions] ≡ƒÆ╛ Storing forecast for western-cape on 2026-04-10
prisma:query BEGIN
prisma:query DEALLOCATE ALL
prisma:query INSERT INTO "public"."Forecast" ("id","date","regionId","source","windSpeed","windDirection","swellHeight","swellPeriod","swellDirection") VALUES ($1,$2,$3,CAST($4::text AS "public"."ForecastSource"),$5,$6,$7,$8,$9) ON CONFLICT ("date","regionId","source") DO UPDATE SET "windSpeed" = $10, "windDirection" = $11, "swellHeight" = $12, "swellPeriod" = $13, "swellDirection" = $14 WHERE (("public"."Forecast"."date" = $15 AND "public"."Forecast"."regionId" = $16 AND "public"."Forecast"."source" = CAST($17::text AS "public"."ForecastSource")) AND 1=1) RETURNING "public"."Forecast"."id", "public"."Forecast"."date", "public"."Forecast"."regionId", "public"."Forecast"."source"::text, "public"."Forecast"."windSpeed", "public"."Forecast"."windDirection", "public"."Forecast"."swellHeight", "public"."Forecast"."swellPeriod", "public"."Forecast"."swellDirection"
prisma:query COMMIT
[getLatestConditions] ≡ƒÆ╛ Storing forecast for western-cape on 2026-04-11
prisma:query BEGIN
prisma:query DEALLOCATE ALL
prisma:query INSERT INTO "public"."Forecast" ("id","date","regionId","source","windSpeed","windDirection","swellHeight","swellPeriod","swellDirection") VALUES ($1,$2,$3,CAST($4::text AS "public"."ForecastSource"),$5,$6,$7,$8,$9) ON CONFLICT ("date","regionId","source") DO UPDATE SET "windSpeed" = $10, "windDirection" = $11, "swellHeight" = $12, "swellPeriod" = $13, "swellDirection" = $14 WHERE (("public"."Forecast"."date" = $15 AND "public"."Forecast"."regionId" = $16 AND "public"."Forecast"."source" = CAST($17::text AS "public"."ForecastSource")) AND 1=1) RETURNING "public"."Forecast"."id", "public"."Forecast"."date", "public"."Forecast"."regionId", "public"."Forecast"."source"::text, "public"."Forecast"."windSpeed", "public"."Forecast"."windDirection", "public"."Forecast"."swellHeight", "public"."Forecast"."swellPeriod", "public"."Forecast"."swellDirection"
prisma:query COMMIT
[getLatestConditions] ≡ƒÆ╛ Storing forecast for western-cape on 2026-04-12
prisma:query BEGIN
prisma:query DEALLOCATE ALL
prisma:query INSERT INTO "public"."Forecast" ("id","date","regionId","source","windSpeed","windDirection","swellHeight","swellPeriod","swellDirection") VALUES ($1,$2,$3,CAST($4::text AS "public"."ForecastSource"),$5,$6,$7,$8,$9) ON CONFLICT ("date","regionId","source") DO UPDATE SET "windSpeed" = $10, "windDirection" = $11, "swellHeight" = $12, "swellPeriod" = $13, "swellDirection" = $14 WHERE (("public"."Forecast"."date" = $15 AND "public"."Forecast"."regionId" = $16 AND "public"."Forecast"."source" = CAST($17::text AS "public"."ForecastSource")) AND 1=1) RETURNING "public"."Forecast"."id", "public"."Forecast"."date", "public"."Forecast"."regionId", "public"."Forecast"."source"::text, "public"."Forecast"."windSpeed", "public"."Forecast"."windDirection", "public"."Forecast"."swellHeight", "public"."Forecast"."swellPeriod", "public"."Forecast"."swellDirection"
prisma:query COMMIT
[getLatestConditions] ≡ƒÆ╛ Storing forecast for western-cape on 2026-04-13
prisma:query BEGIN
prisma:query DEALLOCATE ALL
prisma:query INSERT INTO "public"."Forecast" ("id","date","regionId","source","windSpeed","windDirection","swellHeight","swellPeriod","swellDirection") VALUES ($1,$2,$3,CAST($4::text AS "public"."ForecastSource"),$5,$6,$7,$8,$9) ON CONFLICT ("date","regionId","source") DO UPDATE SET "windSpeed" = $10, "windDirection" = $11, "swellHeight" = $12, "swellPeriod" = $13, "swellDirection" = $14 WHERE (("public"."Forecast"."date" = $15 AND "public"."Forecast"."regionId" = $16 AND "public"."Forecast"."source" = CAST($17::text AS "public"."ForecastSource")) AND 1=1) RETURNING "public"."Forecast"."id", "public"."Forecast"."date", "public"."Forecast"."regionId", "public"."Forecast"."source"::text, "public"."Forecast"."windSpeed", "public"."Forecast"."windDirection", "public"."Forecast"."swellHeight", "public"."Forecast"."swellPeriod", "public"."Forecast"."swellDirection"
prisma:query COMMIT
[getLatestConditions] ≡ƒÆ╛ Storing forecast for western-cape on 2026-04-14
prisma:query BEGIN
prisma:query DEALLOCATE ALL
prisma:query INSERT INTO "public"."Forecast" ("id","date","regionId","source","windSpeed","windDirection","swellHeight","swellPeriod","swellDirection") VALUES ($1,$2,$3,CAST($4::text AS "public"."ForecastSource"),$5,$6,$7,$8,$9) ON CONFLICT ("date","regionId","source") DO UPDATE SET "windSpeed" = $10, "windDirection" = $11, "swellHeight" = $12, "swellPeriod" = $13, "swellDirection" = $14 WHERE (("public"."Forecast"."date" = $15 AND "public"."Forecast"."regionId" = $16 AND "public"."Forecast"."source" = CAST($17::text AS "public"."ForecastSource")) AND 1=1) RETURNING "public"."Forecast"."id", "public"."Forecast"."date", "public"."Forecast"."regionId", "public"."Forecast"."source"::text, "public"."Forecast"."windSpeed", "public"."Forecast"."windDirection", "public"."Forecast"."swellHeight", "public"."Forecast"."swellPeriod", "public"."Forecast"."swellDirection"
prisma:query COMMIT
[getLatestConditions] ≡ƒÆ╛ Storing forecast for western-cape on 2026-04-15
prisma:query BEGIN
prisma:query DEALLOCATE ALL
prisma:query INSERT INTO "public"."Forecast" ("id","date","regionId","source","windSpeed","windDirection","swellHeight","swellPeriod","swellDirection") VALUES ($1,$2,$3,CAST($4::text AS "public"."ForecastSource"),$5,$6,$7,$8,$9) ON CONFLICT ("date","regionId","source") DO UPDATE SET "windSpeed" = $10, "windDirection" = $11, "swellHeight" = $12, "swellPeriod" = $13, "swellDirection" = $14 WHERE (("public"."Forecast"."date" = $15 AND "public"."Forecast"."regionId" = $16 AND "public"."Forecast"."source" = CAST($17::text AS "public"."ForecastSource")) AND 1=1) RETURNING "public"."Forecast"."id", "public"."Forecast"."date", "public"."Forecast"."regionId", "public"."Forecast"."source"::text, "public"."Forecast"."windSpeed", "public"."Forecast"."windDirection", "public"."Forecast"."swellHeight", "public"."Forecast"."swellPeriod", "public"."Forecast"."swellDirection"
prisma:query COMMIT
[getLatestConditions] ≡ƒÆ╛ Storing forecast for western-cape on 2026-04-16
prisma:query BEGIN
prisma:query DEALLOCATE ALL
prisma:query INSERT INTO "public"."Forecast" ("id","date","regionId","source","windSpeed","windDirection","swellHeight","swellPeriod","swellDirection") VALUES ($1,$2,$3,CAST($4::text AS "public"."ForecastSource"),$5,$6,$7,$8,$9) ON CONFLICT ("date","regionId","source") DO UPDATE SET "windSpeed" = $10, "windDirection" = $11, "swellHeight" = $12, "swellPeriod" = $13, "swellDirection" = $14 WHERE (("public"."Forecast"."date" = $15 AND "public"."Forecast"."regionId" = $16 AND "public"."Forecast"."source" = CAST($17::text AS "public"."ForecastSource")) AND 1=1) RETURNING "public"."Forecast"."id", "public"."Forecast"."date", "public"."Forecast"."regionId", "public"."Forecast"."source"::text, "public"."Forecast"."windSpeed", "public"."Forecast"."windDirection", "public"."Forecast"."swellHeight", "public"."Forecast"."swellPeriod", "public"."Forecast"."swellDirection"
prisma:query COMMIT
[getLatestConditions] ≡ƒÆ╛ Storing forecast for western-cape on 2026-04-17
prisma:query BEGIN
prisma:query DEALLOCATE ALL
prisma:query INSERT INTO "public"."Forecast" ("id","date","regionId","source","windSpeed","windDirection","swellHeight","swellPeriod","swellDirection") VALUES ($1,$2,$3,CAST($4::text AS "public"."ForecastSource"),$5,$6,$7,$8,$9) ON CONFLICT ("date","regionId","source") DO UPDATE SET "windSpeed" = $10, "windDirection" = $11, "swellHeight" = $12, "swellPeriod" = $13, "swellDirection" = $14 WHERE (("public"."Forecast"."date" = $15 AND "public"."Forecast"."regionId" = $16 AND "public"."Forecast"."source" = CAST($17::text AS "public"."ForecastSource")) AND 1=1) RETURNING "public"."Forecast"."id", "public"."Forecast"."date", "public"."Forecast"."regionId", "public"."Forecast"."source"::text, "public"."Forecast"."windSpeed", "public"."Forecast"."windDirection", "public"."Forecast"."swellHeight", "public"."Forecast"."swellPeriod", "public"."Forecast"."swellDirection"
prisma:query COMMIT
[getLatestConditions] ≡ƒÆ╛ Storing forecast for western-cape on 2026-04-18
prisma:query BEGIN
prisma:query DEALLOCATE ALL
prisma:query INSERT INTO "public"."Forecast" ("id","date","regionId","source","windSpeed","windDirection","swellHeight","swellPeriod","swellDirection") VALUES ($1,$2,$3,CAST($4::text AS "public"."ForecastSource"),$5,$6,$7,$8,$9) ON CONFLICT ("date","regionId","source") DO UPDATE SET "windSpeed" = $10, "windDirection" = $11, "swellHeight" = $12, "swellPeriod" = $13, "swellDirection" = $14 WHERE (("public"."Forecast"."date" = $15 AND "public"."Forecast"."regionId" = $16 AND "public"."Forecast"."source" = CAST($17::text AS "public"."ForecastSource")) AND 1=1) RETURNING "public"."Forecast"."id", "public"."Forecast"."date", "public"."Forecast"."regionId", "public"."Forecast"."source"::text, "public"."Forecast"."windSpeed", "public"."Forecast"."windDirection", "public"."Forecast"."swellHeight", "public"."Forecast"."swellPeriod", "public"."Forecast"."swellDirection"
prisma:query COMMIT
[getLatestConditions] ≡ƒÆ╛ Storing forecast for western-cape on 2026-04-19
prisma:query BEGIN
prisma:query DEALLOCATE ALL
prisma:query INSERT INTO "public"."Forecast" ("id","date","regionId","source","windSpeed","windDirection","swellHeight","swellPeriod","swellDirection") VALUES ($1,$2,$3,CAST($4::text AS "public"."ForecastSource"),$5,$6,$7,$8,$9) ON CONFLICT ("date","regionId","source") DO UPDATE SET "windSpeed" = $10, "windDirection" = $11, "swellHeight" = $12, "swellPeriod" = $13, "swellDirection" = $14 WHERE (("public"."Forecast"."date" = $15 AND "public"."Forecast"."regionId" = $16 AND "public"."Forecast"."source" = CAST($17::text AS "public"."ForecastSource")) AND 1=1) RETURNING "public"."Forecast"."id", "public"."Forecast"."date", "public"."Forecast"."regionId", "public"."Forecast"."source"::text, "public"."Forecast"."windSpeed", "public"."Forecast"."windDirection", "public"."Forecast"."swellHeight", "public"."Forecast"."swellPeriod", "public"."Forecast"."swellDirection"
prisma:query COMMIT
[getLatestConditions] ≡ƒÆ╛ Storing forecast for western-cape on 2026-04-20
prisma:query BEGIN
prisma:query DEALLOCATE ALL
prisma:query INSERT INTO "public"."Forecast" ("id","date","regionId","source","windSpeed","windDirection","swellHeight","swellPeriod","swellDirection") VALUES ($1,$2,$3,CAST($4::text AS "public"."ForecastSource"),$5,$6,$7,$8,$9) ON CONFLICT ("date","regionId","source") DO UPDATE SET "windSpeed" = $10, "windDirection" = $11, "swellHeight" = $12, "swellPeriod" = $13, "swellDirection" = $14 WHERE (("public"."Forecast"."date" = $15 AND "public"."Forecast"."regionId" = $16 AND "public"."Forecast"."source" = CAST($17::text AS "public"."ForecastSource")) AND 1=1) RETURNING "public"."Forecast"."id", "public"."Forecast"."date", "public"."Forecast"."regionId", "public"."Forecast"."source"::text, "public"."Forecast"."windSpeed", "public"."Forecast"."windDirection", "public"."Forecast"."swellHeight", "public"."Forecast"."swellPeriod", "public"."Forecast"."swellDirection"
prisma:query COMMIT
[getLatestConditions] ≡ƒÆ╛ Storing forecast for western-cape on 2026-04-21
prisma:query BEGIN
prisma:query DEALLOCATE ALL
prisma:query INSERT INTO "public"."Forecast" ("id","date","regionId","source","windSpeed","windDirection","swellHeight","swellPeriod","swellDirection") VALUES ($1,$2,$3,CAST($4::text AS "public"."ForecastSource"),$5,$6,$7,$8,$9) ON CONFLICT ("date","regionId","source") DO UPDATE SET "windSpeed" = $10, "windDirection" = $11, "swellHeight" = $12, "swellPeriod" = $13, "swellDirection" = $14 WHERE (("public"."Forecast"."date" = $15 AND "public"."Forecast"."regionId" = $16 AND "public"."Forecast"."source" = CAST($17::text AS "public"."ForecastSource")) AND 1=1) RETURNING "public"."Forecast"."id", "public"."Forecast"."date", "public"."Forecast"."regionId", "public"."Forecast"."source"::text, "public"."Forecast"."windSpeed", "public"."Forecast"."windDirection", "public"."Forecast"."swellHeight", "public"."Forecast"."swellPeriod", "public"."Forecast"."swellDirection"
prisma:query COMMIT
[getLatestConditions] ≡ƒÆ╛ Storing forecast for western-cape on 2026-04-22
prisma:query BEGIN
prisma:query DEALLOCATE ALL
prisma:query INSERT INTO "public"."Forecast" ("id","date","regionId","source","windSpeed","windDirection","swellHeight","swellPeriod","swellDirection") VALUES ($1,$2,$3,CAST($4::text AS "public"."ForecastSource"),$5,$6,$7,$8,$9) ON CONFLICT ("date","regionId","source") DO UPDATE SET "windSpeed" = $10, "windDirection" = $11, "swellHeight" = $12, "swellPeriod" = $13, "swellDirection" = $14 WHERE (("public"."Forecast"."date" = $15 AND "public"."Forecast"."regionId" = $16 AND "public"."Forecast"."source" = CAST($17::text AS "public"."ForecastSource")) AND 1=1) RETURNING "public"."Forecast"."id", "public"."Forecast"."date", "public"."Forecast"."regionId", "public"."Forecast"."source"::text, "public"."Forecast"."windSpeed", "public"."Forecast"."windDirection", "public"."Forecast"."swellHeight", "public"."Forecast"."swellPeriod", "public"."Forecast"."swellDirection"
prisma:query COMMIT
[getLatestConditions] ≡ƒÆ╛ Storing forecast for western-cape on 2026-04-23
prisma:query BEGIN
prisma:query DEALLOCATE ALL
prisma:query INSERT INTO "public"."Forecast" ("id","date","regionId","source","windSpeed","windDirection","swellHeight","swellPeriod","swellDirection") VALUES ($1,$2,$3,CAST($4::text AS "public"."ForecastSource"),$5,$6,$7,$8,$9) ON CONFLICT ("date","regionId","source") DO UPDATE SET "windSpeed" = $10, "windDirection" = $11, "swellHeight" = $12, "swellPeriod" = $13, "swellDirection" = $14 WHERE (("public"."Forecast"."date" = $15 AND "public"."Forecast"."regionId" = $16 AND "public"."Forecast"."source" = CAST($17::text AS "public"."ForecastSource")) AND 1=1) RETURNING "public"."Forecast"."id", "public"."Forecast"."date", "public"."Forecast"."regionId", "public"."Forecast"."source"::text, "public"."Forecast"."windSpeed", "public"."Forecast"."windDirection", "public"."Forecast"."swellHeight", "public"."Forecast"."swellPeriod", "public"."Forecast"."swellDirection"
prisma:query COMMIT
[getLatestConditions] ≡ƒÆ╛ Storing forecast for western-cape on 2026-04-24
prisma:query BEGIN
prisma:query DEALLOCATE ALL
prisma:query INSERT INTO "public"."Forecast" ("id","date","regionId","source","windSpeed","windDirection","swellHeight","swellPeriod","swellDirection") VALUES ($1,$2,$3,CAST($4::text AS "public"."ForecastSource"),$5,$6,$7,$8,$9) ON CONFLICT ("date","regionId","source") DO UPDATE SET "windSpeed" = $10, "windDirection" = $11, "swellHeight" = $12, "swellPeriod" = $13, "swellDirection" = $14 WHERE (("public"."Forecast"."date" = $15 AND "public"."Forecast"."regionId" = $16 AND "public"."Forecast"."source" = CAST($17::text AS "public"."ForecastSource")) AND 1=1) RETURNING "public"."Forecast"."id", "public"."Forecast"."date", "public"."Forecast"."regionId", "public"."Forecast"."source"::text, "public"."Forecast"."windSpeed", "public"."Forecast"."windDirection", "public"."Forecast"."swellHeight", "public"."Forecast"."swellPeriod", "public"."Forecast"."swellDirection"
prisma:query COMMIT
[getLatestConditions] Γ£à Successfully stored 16 forecast(s) for western-cape (source: WINDGURU)
[getLatestConditions] ≡ƒôñ Returning forecast with source: WINDGURU, windSpeed: 0, swellHeight: 1.4
SourceB Scrape successful! Returned Forecast: {
  "id": "58fffa96-d432-4097-9091-4fcacc080152",
  "date": "2026-04-09T00:00:00.000Z",
  "regionId": "western-cape",
  "source": "WINDGURU",
  "windSpeed": 0,
  "windDirection": 225,
  "swellHeight": 1.4,
  "swellPeriod": 12,
  "swellDirection": 202.5
}

--- Testing getLatestConditions with forceRefresh for WINDY (SourceC) ---
[getLatestConditions] ≡ƒöì Looking up region by ID: "western-cape"
prisma:query BEGIN
prisma:query DEALLOCATE ALL
prisma:query SELECT "public"."Region"."id", "public"."Region"."name", "public"."Region"."countryId", "public"."Region"."continent" FROM "public"."Region" WHERE ("public"."Region"."id" = $1 AND 1=1) LIMIT $2 OFFSET $3
prisma:query COMMIT
[getLatestConditions] Γ£à Region found by ID: western-cape (Western Cape)
[getLatestConditions] ≡ƒöì Querying forecast for regionId: western-cape, date: 2026-04-09T00:00:00.000Z, source: WINDY
prisma:query BEGIN
prisma:query DEALLOCATE ALL
prisma:query SELECT "public"."Forecast"."id", "public"."Forecast"."date", "public"."Forecast"."regionId", "public"."Forecast"."source"::text, "public"."Forecast"."windSpeed", "public"."Forecast"."windDirection", "public"."Forecast"."swellHeight", "public"."Forecast"."swellPeriod", "public"."Forecast"."swellDirection" FROM "public"."Forecast" WHERE ("public"."Forecast"."date" = $1 AND "public"."Forecast"."regionId" = $2 AND "public"."Forecast"."source" = CAST($3::text AS "public"."ForecastSource")) LIMIT $4 OFFSET $5
prisma:query COMMIT
[getLatestConditions] ≡ƒôè Forecast query result: {
  found: true,
  regionId: 'western-cape',
  date: '2026-04-09T00:00:00.000Z',
  source: 'WINDY',
  forceRefresh: true,
  existingSource: 'WINDY',
  windDirection: 165,
  swellDirection: 186
}
[getLatestConditions] ≡ƒöº Using sourceC for WINDY
[getLatestConditions] ≡ƒîÉ Scraping forecast for western-cape from https://windy.app/forecast2/spot/89110/Muizenberg+South+Africa (source: WINDY)
[scraperC] ≡ƒîÉ Starting Windy.app scrape for western-cape
[scraperC] ≡ƒôì URL: https://windy.app/forecast2/spot/89110/Muizenberg+South+Africa
Using system Chrome for local development
[scraperC] ≡ƒöì Navigating to https://windy.app/forecast2/spot/89110/Muizenberg+South+Africa...
[scraperC] Γ£à Page loaded successfully
[scraperC] ≡ƒöì Waiting for Windy forecast table...
[scraperC] Γ£à Found Windy forecast table
[scraperC] ≡ƒöì Waiting for days row to load...
[scraperC] Γ£à Found days row with multiple cells
[scraperC] ΓÅ│ Waiting 2 seconds for table to fully load...
[scraperC] ≡ƒöì Extracting forecast data from page...
[scraperC] [browser] [scraperC] [page.evaluate] Starting data extraction...
[scraperC] [browser] [scraperC] [page.evaluate] Found 4 table(s) on page
[scraperC] [browser] [scraperC] [page.evaluate] Found target table 2 containing windy widget (direct)
[scraperC] [browser] [scraperC] [page.evaluate] Found tbody within target table
[scraperC] [browser] [scraperC] [page.evaluate] Found 18 row(s) in target tbody
[scraperC] [browser] [scraperC] [page.evaluate] All rows in context:
[scraperC] [browser] [scraperC] [page.evaluate] Row 0: class='windywidgetdays', id='none', cells=1, firstCell='ΓåÉ'
[scraperC] [browser] [scraperC] [page.evaluate] Row 1: class='windywidgetnow', id='none', cells=1, firstCell=''
[scraperC] [browser] [scraperC] [page.evaluate] Row 2: class='windywidgethours', id='none', cells=1, firstCell='time'
[scraperC] [browser] [scraperC] [page.evaluate] Row 3: class='windywidgetwindDirection id-wind-direction', id='none', cells=1, firstCell='wind'
[scraperC] [browser] [scraperC] [page.evaluate] Row 4: class='windywidgetwindSpeed id-wind-speed', id='none', cells=1, firstCell='m/s'
[scraperC] [browser] [scraperC] [page.evaluate] Row 5: class='windywidgetwindGust id-wind-gust', id='none', cells=1, firstCell='m/s*'
[scraperC] [browser] [scraperC] [page.evaluate] Row 6: class='windywidgetcompare-label', id='none', cells=1, firstCell='ΓÜÖm/s'
[scraperC] [browser] [scraperC] [page.evaluate] Row 7: class='windywidgetairTemp id-air-temp', id='none', cells=1, firstCell='┬░C'
[scraperC] [browser] [scraperC] [page.evaluate] Row 8: class='windywidgetcompare-precip-label windywidgetcompare-temp-label', id='none', cells=1, firstCell='ΓÜÖ┬░C'
[scraperC] [browser] [scraperC] [page.evaluate] Row 9: class='windywidgetclouds id-clouds', id='none', cells=1, firstCell='clouds'
[scraperC] [browser] [scraperC] [page.evaluate] Row 10: class='', id='percipCellName', cells=1, firstCell='mm'
[scraperC] [browser] [scraperC] [page.evaluate] Row 11: class='windywidgetcompare-precip-label', id='none', cells=1, firstCell='ΓÜÖmm'
[scraperC] [browser] [scraperC] [page.evaluate] Row 12: class='windywidgetfog id-fog', id='none', cells=1, firstCell='fog'
[scraperC] [browser] [scraperC] [page.evaluate] Row 13: class='windywidgetwaves id-waves-direction', id='none', cells=1, firstCell='swell'
[scraperC] [browser] [scraperC] [page.evaluate] Row 14: class='windywidgetwavesheight id-waves-height', id='none', cells=1, firstCell='m'
[scraperC] [browser] [scraperC] [page.evaluate] Row 15: class='windywidgetwavesperiod id-waves-period', id='none', cells=1, firstCell='s'
[scraperC] [browser] [scraperC] [page.evaluate] Row 16: class='windywidgettides id-tides', id='none', cells=1, firstCell='tideLAT'
[scraperC] [browser] [scraperC] [page.evaluate] Row 17: class='windywidgetmoonphase id-moon-phase', id='none', cells=1, firstCell='moon'
[scraperC] [browser] [scraperC] [page.evaluate] Found 17 row(s) with 'windy' or 'wind' in class
[scraperC] [browser] [scraperC] [page.evaluate] Sample row classes: JSHandle@array
[scraperC] [browser] [scraperC] [page.evaluate] Found days row by id in document (not in searchContext)
[scraperC] [browser] [scraperC] [page.evaluate] Γ£à Found days row by id (cells=11, id=windyWidgetDays)
[scraperC] [browser] [scraperC] [page.evaluate] Found days row, class: windywidgetdays, id: windyWidgetDays
[scraperC] [browser] [scraperC] [page.evaluate] Days row parent: TBODY
[scraperC] [browser] [scraperC] [page.evaluate] Found 11 day cell(s) (td+th)
[scraperC] [browser] [scraperC] [page.evaluate] Days row has 11 direct children
[scraperC] [browser] [scraperC] [page.evaluate] Child 0: tag=TD, class=windywidgetdayEnds
[scraperC] [browser] [scraperC] [page.evaluate] Child 1: tag=TD, class=windywidgetdayEnds
[scraperC] [browser] [scraperC] [page.evaluate] Child 2: tag=TD, class=windywidgetdayEnds
[scraperC] [browser] [scraperC] [page.evaluate] Child 3: tag=TD, class=windywidgetdayEnds
[scraperC] [browser] [scraperC] [page.evaluate] Child 4: tag=TD, class=windywidgetdayEnds
[scraperC] [browser] [scraperC] [page.evaluate] Child 5: tag=TD, class=windywidgetdayEnds
[scraperC] [browser] [scraperC] [page.evaluate] Child 6: tag=TD, class=windywidgetdayEnds
[scraperC] [browser] [scraperC] [page.evaluate] Child 7: tag=TD, class=windywidgetdayEnds
[scraperC] [browser] [scraperC] [page.evaluate] Child 8: tag=TD, class=windywidgetdayEnds
[scraperC] [browser] [scraperC] [page.evaluate] Child 9: tag=TD, class=windywidgetdayEnds
[scraperC] [browser] [scraperC] [page.evaluate] Child 10: tag=TD, class=none
[scraperC] [browser] [scraperC] [page.evaluate] Found 11 day cell(s) (td+th)
[scraperC] [browser] [scraperC] [page.evaluate] First day cell text: 'TODAY'
[scraperC] [browser] [scraperC] [page.evaluate] First day cell colspan: 8
[scraperC] [browser] [scraperC] [page.evaluate] First day cell div text: 'TODAY'
[scraperC] [browser] [scraperC] [page.evaluate] Day cell 0: text='TODAY', colspan=8
[scraperC] [browser] [scraperC] [page.evaluate] Day cell 1: text='TOMORROW', colspan=8
[scraperC] [browser] [scraperC] [page.evaluate] Day cell 2: text='SAT, APR 11', colspan=8
[scraperC] [browser] [scraperC] [page.evaluate] Day cell 3: text='SUN, APR 12', colspan=8
[scraperC] [browser] [scraperC] [page.evaluate] Day cell 4: text='MON, APR 13', colspan=8
[scraperC] [browser] [scraperC] [page.evaluate] Day cell 5: text='TUE, APR 14', colspan=8
[scraperC] [browser] [scraperC] [page.evaluate] Day cell 6: text='WED, APR 15', colspan=8
[scraperC] [browser] [scraperC] [page.evaluate] Day cell 7: text='THU, APR 16', colspan=8
[scraperC] [browser] [scraperC] [page.evaluate] Day cell 8: text='FRI, APR 17', colspan=8
[scraperC] [browser] [scraperC] [page.evaluate] Day cell 9: text='SAT, APR 18', colspan=8
[scraperC] [browser] [scraperC] [page.evaluate] Day 0: 'TODAY' (cols 0-7)
[scraperC] [browser] [scraperC] [page.evaluate] Day 1: 'TOMORROW' (cols 8-15)
[scraperC] [browser] [scraperC] [page.evaluate] Day 2: 'SAT, APR 11' (cols 16-23)
[scraperC] [browser] [scraperC] [page.evaluate] Day 3: 'SUN, APR 12' (cols 24-31)
[scraperC] [browser] [scraperC] [page.evaluate] Day 4: 'MON, APR 13' (cols 32-39)
[scraperC] [browser] [scraperC] [page.evaluate] Day 5: 'TUE, APR 14' (cols 40-47)
[scraperC] [browser] [scraperC] [page.evaluate] Day 6: 'WED, APR 15' (cols 48-55)
[scraperC] [browser] [scraperC] [page.evaluate] Day 7: 'THU, APR 16' (cols 56-63)
[scraperC] [browser] [scraperC] [page.evaluate] Day 8: 'FRI, APR 17' (cols 64-71)
[scraperC] [browser] [scraperC] [page.evaluate] Day 9: 'SAT, APR 18' (cols 72-79)
[scraperC] [browser] [scraperC] [page.evaluate] Found 10 day(s): JSHandle@array
[scraperC] [browser] [scraperC] [page.evaluate] Found hours row but only has 1 cell(s), searching for data row...
[scraperC] [browser] [scraperC] [page.evaluate] Found hours row using fallback selector (cells=81)
[scraperC] [browser] [scraperC] [page.evaluate] Found hours row, class: windywidgethours, id: none
[scraperC] [browser] [scraperC] [page.evaluate] Found 81 hour cell(s) (td+th)
[scraperC] [browser] [scraperC] [page.evaluate] First hour cell text: '02'
[scraperC] [browser] [scraperC] [page.evaluate] Second hour cell text: '05'
[scraperC] [browser] [scraperC] [page.evaluate] Created 81 time column(s)
[scraperC] [browser] [scraperC] [page.evaluate] Found 81 time columns
[scraperC] [browser] [scraperC] [page.evaluate] Found wind direction row but only has 1 cell(s), searching for data row...
[scraperC] [browser] [scraperC] [page.evaluate] Found wind direction row using fallback selector (cells=81)
[scraperC] [browser] [scraperC] [page.evaluate] Found 81 wind direction cell(s) (td+th)
[scraperC] [browser] [scraperC] [page.evaluate] Wind dir cell 0: extracted 345 degrees from style
[scraperC] [browser] [scraperC] [page.evaluate] Wind dir cell 1: extracted 343 degrees from style
[scraperC] [browser] [scraperC] [page.evaluate] Wind dir cell 2: extracted 307 degrees from style
[scraperC] [browser] [scraperC] [page.evaluate] Extracted 81 wind direction(s)
[scraperC] [browser] [scraperC] [page.evaluate] Found wind speed row but only has 1 cell(s), searching for data row...
[scraperC] [browser] [scraperC] [page.evaluate] Found wind speed row using fallback selector (cells=81)
[scraperC] [browser] [scraperC] [page.evaluate] Found 81 wind speed cell(s) (td+th)
[scraperC] [browser] [scraperC] [page.evaluate] Extracted 81 wind speed(s)
[scraperC] [browser] [scraperC] [page.evaluate] Found wave direction row but only has 1 cell(s), searching for data row...
[scraperC] [browser] [scraperC] [page.evaluate] Found wave direction row using fallback selector (cells=81)
[scraperC] [browser] [scraperC] [page.evaluate] Found wave/swell direction row
[scraperC] [browser] [scraperC] [page.evaluate] Found 81 wave direction cell(s) (td+th)
[scraperC] [browser] [scraperC] [page.evaluate] Extracted 81 wave directions (including 0┬░ for North)
[scraperC] [browser] [scraperC] [page.evaluate] Found wave height row but only has 1 cell(s), searching for data row...
[scraperC] [browser] [scraperC] [page.evaluate] Found wave height row using fallback selector (cells=81)
[scraperC] [browser] [scraperC] [page.evaluate] Found wave/swell height row
[scraperC] [browser] [scraperC] [page.evaluate] Found 81 wave height cell(s) (td+th)
[scraperC] [browser] [scraperC] [page.evaluate] Extracted 73 non-zero wave heights
[scraperC] [browser] [scraperC] [page.evaluate] Found wave period row but only has 1 cell(s), searching for data row...
[scraperC] [browser] [scraperC] [page.evaluate] Found wave period row using fallback selector (cells=81)
[scraperC] [browser] [scraperC] [page.evaluate] Found wave/swell period row
[scraperC] [browser] [scraperC] [page.evaluate] Found 81 wave period cell(s) (td+th)
[scraperC] [browser] [scraperC] [page.evaluate] Extracted 73 non-zero wave periods
[scraperC] [browser] [scraperC] [page.evaluate] Γ£à Extracted 10 forecast(s) (first available time for each day)
[scraperC] ≡ƒöì Raw forecast data extracted (10 item(s)): [
  {
    "date": "2026-04-09T00:00:00.000Z",
    "hour": 2,
    "windSpeed": 0.2,
    "windDirection": 345,
    "swellHeight": 0.92,
    "swellPeriod": 9,
    "swellDirection": 6
  },
  {
    "date": "2026-04-10T00:00:00.000Z",
    "hour": 2,
    "windSpeed": 3.5,
    "windDirection": 174,
    "swellHeight": 0.72,
    "swellPeriod": 9,
    "swellDirection": 24
  },
  {
    "date": "2026-04-11T00:00:00.000Z",
    "hour": 2,
    "windSpeed": 2.2,
    "windDirection": 20,
    "swellHeight": 0.82,
    "swellPeriod": 12,
    "swellDirection": 27
  },
  {
    "date": "2026-04-12T00:00:00.000Z",
    "hour": 2,
    "windSpeed": 3.6,
    "windDirection": 351,
    "swellHeight": 1.01,
    "swellPeriod": 10,
    "swellDirection": 7
  },
  {
    "date": "2026-04-13T00:00:00.000Z",
    "hour": 2,
    "windSpeed": 2.9,
    "windDirection": 337,
    "swellHeight": 0.81,
    "swellPeriod": 9,
    "swellDirection": 2
  },
  {
    "date": "2026-04-14T00:00:00.000Z",
    "hour": 2,
    "windSpeed": 2.1,
    "windDirection": 41,
    "swellHeight": 0.82,
    "swellPeriod": 10,
    "swellDirection": 33
  },
  {
    "date": "2026-04-15T00:00:00.000Z",
    "hour": 2,
    "windSpeed": 4.5,
    "windDirection": 11,
    "swellHeight": 1.66,
    "swellPeriod": 10,
    "swellDirection": 48
  },
  {
    "date": "2026-04-16T00:00:00.000Z",
    "hour": 2,
    "windSpeed": 1.8,
    "windDirection": 279,
    "swellHeight": 1.86,
    "swellPeriod": 12,
    "swellDirection": 49
  },
  {
    "date": "2026-04-17T00:00:00.000Z",
    "hour": 2,
    "windSpeed": 5.4,
    "windDirection": 341,
    "swellHeight": 1.44,
    "swellPeriod": 10,
    "swellDirection": 37
  },
  {
    "date": "2026-04-18T00:00:00.000Z",
    "hour": 2,
    "windSpeed": 5.8,
    "windDirection": 317,
    "swellHeight": 1.85,
    "swellPeriod": 10,
    "swellDirection": 28
  }
]
[scraperC] ≡ƒöä Processing forecast data: {
  raw: {
    date: '2026-04-09T00:00:00.000Z',
    hour: 2,
    windSpeed: 0.2,
    windDirection: 345,
    swellHeight: 0.92,
    swellPeriod: 9,
    swellDirection: 6
  },
  windSpeed: 0.2,
  windDirection: 345,
  swellHeight: 0.92,
  swellPeriod: 9,
  swellDirection: 6
}
[scraperC] ≡ƒôè Parsed values: {
  windSpeedMs: 0.2,
  windDirection: 165,
  swellHeight: 0.92,
  swellPeriod: 9,
  swellDirection: 186
}
[scraperC] Γ£à Created forecast object: {
  date: 2026-04-09T00:00:00.000Z,
  regionId: 'western-cape',
  windSpeed: 0.2,
  windDirection: 165,
  swellHeight: 0.92,
  swellPeriod: 9,
  swellDirection: 186
}
[scraperC] ≡ƒöä Processing forecast data: {
  raw: {
    date: '2026-04-10T00:00:00.000Z',
    hour: 2,
    windSpeed: 3.5,
    windDirection: 174,
    swellHeight: 0.72,
    swellPeriod: 9,
    swellDirection: 24
  },
  windSpeed: 3.5,
  windDirection: 174,
  swellHeight: 0.72,
  swellPeriod: 9,
  swellDirection: 24
}
[scraperC] ≡ƒôè Parsed values: {
  windSpeedMs: 3.5,
  windDirection: 354,
  swellHeight: 0.72,
  swellPeriod: 9,
  swellDirection: 204
}
[scraperC] Γ£à Created forecast object: {
  date: 2026-04-10T00:00:00.000Z,
  regionId: 'western-cape',
  windSpeed: 3.5,
  windDirection: 354,
  swellHeight: 0.72,
  swellPeriod: 9,
  swellDirection: 204
}
[scraperC] ≡ƒöä Processing forecast data: {
  raw: {
    date: '2026-04-11T00:00:00.000Z',
    hour: 2,
    windSpeed: 2.2,
    windDirection: 20,
    swellHeight: 0.82,
    swellPeriod: 12,
    swellDirection: 27
  },
  windSpeed: 2.2,
  windDirection: 20,
  swellHeight: 0.82,
  swellPeriod: 12,
  swellDirection: 27
}
[scraperC] ≡ƒôè Parsed values: {
  windSpeedMs: 2.2,
  windDirection: 200,
  swellHeight: 0.82,
  swellPeriod: 12,
  swellDirection: 207
}
[scraperC] Γ£à Created forecast object: {
  date: 2026-04-11T00:00:00.000Z,
  regionId: 'western-cape',
  windSpeed: 2.2,
  windDirection: 200,
  swellHeight: 0.82,
  swellPeriod: 12,
  swellDirection: 207
}
[scraperC] ≡ƒöä Processing forecast data: {
  raw: {
    date: '2026-04-12T00:00:00.000Z',
    hour: 2,
    windSpeed: 3.6,
    windDirection: 351,
    swellHeight: 1.01,
    swellPeriod: 10,
    swellDirection: 7
  },
  windSpeed: 3.6,
  windDirection: 351,
  swellHeight: 1.01,
  swellPeriod: 10,
  swellDirection: 7
}
[scraperC] ≡ƒôè Parsed values: {
  windSpeedMs: 3.6,
  windDirection: 171,
  swellHeight: 1.01,
  swellPeriod: 10,
  swellDirection: 187
}
[scraperC] Γ£à Created forecast object: {
  date: 2026-04-12T00:00:00.000Z,
  regionId: 'western-cape',
  windSpeed: 3.6,
  windDirection: 171,
  swellHeight: 1.01,
  swellPeriod: 10,
  swellDirection: 187
}
[scraperC] ≡ƒöä Processing forecast data: {
  raw: {
    date: '2026-04-13T00:00:00.000Z',
    hour: 2,
    windSpeed: 2.9,
    windDirection: 337,
    swellHeight: 0.81,
    swellPeriod: 9,
    swellDirection: 2
  },
  windSpeed: 2.9,
  windDirection: 337,
  swellHeight: 0.81,
  swellPeriod: 9,
  swellDirection: 2
}
[scraperC] ≡ƒôè Parsed values: {
  windSpeedMs: 2.9,
  windDirection: 157,
  swellHeight: 0.81,
  swellPeriod: 9,
  swellDirection: 182
}
[scraperC] Γ£à Created forecast object: {
  date: 2026-04-13T00:00:00.000Z,
  regionId: 'western-cape',
  windSpeed: 2.9,
  windDirection: 157,
  swellHeight: 0.81,
  swellPeriod: 9,
  swellDirection: 182
}
[scraperC] ≡ƒöä Processing forecast data: {
  raw: {
    date: '2026-04-14T00:00:00.000Z',
    hour: 2,
    windSpeed: 2.1,
    windDirection: 41,
    swellHeight: 0.82,
    swellPeriod: 10,
    swellDirection: 33
  },
  windSpeed: 2.1,
  windDirection: 41,
  swellHeight: 0.82,
  swellPeriod: 10,
  swellDirection: 33
}
[scraperC] ≡ƒôè Parsed values: {
  windSpeedMs: 2.1,
  windDirection: 221,
  swellHeight: 0.82,
  swellPeriod: 10,
  swellDirection: 213
}
[scraperC] Γ£à Created forecast object: {
  date: 2026-04-14T00:00:00.000Z,
  regionId: 'western-cape',
  windSpeed: 2.1,
  windDirection: 221,
  swellHeight: 0.82,
  swellPeriod: 10,
  swellDirection: 213
}
[scraperC] ≡ƒöä Processing forecast data: {
  raw: {
    date: '2026-04-15T00:00:00.000Z',
    hour: 2,
    windSpeed: 4.5,
    windDirection: 11,
    swellHeight: 1.66,
    swellPeriod: 10,
    swellDirection: 48
  },
  windSpeed: 4.5,
  windDirection: 11,
  swellHeight: 1.66,
  swellPeriod: 10,
  swellDirection: 48
}
[scraperC] ≡ƒôè Parsed values: {
  windSpeedMs: 4.5,
  windDirection: 191,
  swellHeight: 1.66,
  swellPeriod: 10,
  swellDirection: 228
}
[scraperC] Γ£à Created forecast object: {
  date: 2026-04-15T00:00:00.000Z,
  regionId: 'western-cape',
  windSpeed: 4.5,
  windDirection: 191,
  swellHeight: 1.66,
  swellPeriod: 10,
  swellDirection: 228
}
[scraperC] ≡ƒöä Processing forecast data: {
  raw: {
    date: '2026-04-16T00:00:00.000Z',
    hour: 2,
    windSpeed: 1.8,
    windDirection: 279,
    swellHeight: 1.86,
    swellPeriod: 12,
    swellDirection: 49
  },
  windSpeed: 1.8,
  windDirection: 279,
  swellHeight: 1.86,
  swellPeriod: 12,
  swellDirection: 49
}
[scraperC] ≡ƒôè Parsed values: {
  windSpeedMs: 1.8,
  windDirection: 99,
  swellHeight: 1.86,
  swellPeriod: 12,
  swellDirection: 229
}
[scraperC] Γ£à Created forecast object: {
  date: 2026-04-16T00:00:00.000Z,
  regionId: 'western-cape',
  windSpeed: 1.8,
  windDirection: 99,
  swellHeight: 1.86,
  swellPeriod: 12,
  swellDirection: 229
}
[scraperC] ≡ƒöä Processing forecast data: {
  raw: {
    date: '2026-04-17T00:00:00.000Z',
    hour: 2,
    windSpeed: 5.4,
    windDirection: 341,
    swellHeight: 1.44,
    swellPeriod: 10,
    swellDirection: 37
  },
  windSpeed: 5.4,
  windDirection: 341,
  swellHeight: 1.44,
  swellPeriod: 10,
  swellDirection: 37
}
[scraperC] ≡ƒôè Parsed values: {
  windSpeedMs: 5.4,
  windDirection: 161,
  swellHeight: 1.44,
  swellPeriod: 10,
  swellDirection: 217
}
[scraperC] Γ£à Created forecast object: {
  date: 2026-04-17T00:00:00.000Z,
  regionId: 'western-cape',
  windSpeed: 5.4,
  windDirection: 161,
  swellHeight: 1.44,
  swellPeriod: 10,
  swellDirection: 217
}
[scraperC] ≡ƒöä Processing forecast data: {
  raw: {
    date: '2026-04-18T00:00:00.000Z',
    hour: 2,
    windSpeed: 5.8,
    windDirection: 317,
    swellHeight: 1.85,
    swellPeriod: 10,
    swellDirection: 28
  },
  windSpeed: 5.8,
  windDirection: 317,
  swellHeight: 1.85,
  swellPeriod: 10,
  swellDirection: 28
}
[scraperC] ≡ƒôè Parsed values: {
  windSpeedMs: 5.8,
  windDirection: 137,
  swellHeight: 1.85,
  swellPeriod: 10,
  swellDirection: 208
}
[scraperC] Γ£à Created forecast object: {
  date: 2026-04-18T00:00:00.000Z,
  regionId: 'western-cape',
  windSpeed: 5.8,
  windDirection: 137,
  swellHeight: 1.85,
  swellPeriod: 10,
  swellDirection: 208
}
[scraperC] Γ£à Successfully scraped 10 forecast(s): [
  {
    "date": "2026-04-09T00:00:00.000Z",
    "regionId": "western-cape",
    "windSpeed": 0.2,
    "windDirection": 165,
    "swellHeight": 0.92,
    "swellPeriod": 9,
    "swellDirection": 186
  },
  {
    "date": "2026-04-10T00:00:00.000Z",
    "regionId": "western-cape",
    "windSpeed": 3.5,
    "windDirection": 354,
    "swellHeight": 0.72,
    "swellPeriod": 9,
    "swellDirection": 204
  },
  {
    "date": "2026-04-11T00:00:00.000Z",
    "regionId": "western-cape",
    "windSpeed": 2.2,
    "windDirection": 200,
    "swellHeight": 0.82,
    "swellPeriod": 12,
    "swellDirection": 207
  },
  {
    "date": "2026-04-12T00:00:00.000Z",
    "regionId": "western-cape",
    "windSpeed": 3.6,
    "windDirection": 171,
    "swellHeight": 1.01,
    "swellPeriod": 10,
    "swellDirection": 187
  },
  {
    "date": "2026-04-13T00:00:00.000Z",
    "regionId": "western-cape",
    "windSpeed": 2.9,
    "windDirection": 157,
    "swellHeight": 0.81,
    "swellPeriod": 9,
    "swellDirection": 182
  },
  {
    "date": "2026-04-14T00:00:00.000Z",
    "regionId": "western-cape",
    "windSpeed": 2.1,
    "windDirection": 221,
    "swellHeight": 0.82,
    "swellPeriod": 10,
    "swellDirection": 213
  },
  {
    "date": "2026-04-15T00:00:00.000Z",
    "regionId": "western-cape",
    "windSpeed": 4.5,
    "windDirection": 191,
    "swellHeight": 1.66,
    "swellPeriod": 10,
    "swellDirection": 228
  },
  {
    "date": "2026-04-16T00:00:00.000Z",
    "regionId": "western-cape",
    "windSpeed": 1.8,
    "windDirection": 99,
    "swellHeight": 1.86,
    "swellPeriod": 12,
    "swellDirection": 229
  },
  {
    "date": "2026-04-17T00:00:00.000Z",
    "regionId": "western-cape",
    "windSpeed": 5.4,
    "windDirection": 161,
    "swellHeight": 1.44,
    "swellPeriod": 10,
    "swellDirection": 217
  },
  {
    "date": "2026-04-18T00:00:00.000Z",
    "regionId": "western-cape",
    "windSpeed": 5.8,
    "windDirection": 137,
    "swellHeight": 1.85,
    "swellPeriod": 10,
    "swellDirection": 208
  }
]

≡ƒöÜ Browser closed
[getLatestConditions] ≡ƒôè Scraped 10 forecast(s), storing in database...
[getLatestConditions] ≡ƒÆ╛ Storing forecast for western-cape on 2026-04-09
prisma:query SELECT 1
prisma:query BEGIN
prisma:query DEALLOCATE ALL
prisma:query INSERT INTO "public"."Forecast" ("id","date","regionId","source","windSpeed","windDirection","swellHeight","swellPeriod","swellDirection") VALUES ($1,$2,$3,CAST($4::text AS "public"."ForecastSource"),$5,$6,$7,$8,$9) ON CONFLICT ("date","regionId","source") DO UPDATE SET "windSpeed" = $10, "windDirection" = $11, "swellHeight" = $12, "swellPeriod" = $13, "swellDirection" = $14 WHERE (("public"."Forecast"."date" = $15 AND "public"."Forecast"."regionId" = $16 AND "public"."Forecast"."source" = CAST($17::text AS "public"."ForecastSource")) AND 1=1) RETURNING "public"."Forecast"."id", "public"."Forecast"."date", "public"."Forecast"."regionId", "public"."Forecast"."source"::text, "public"."Forecast"."windSpeed", "public"."Forecast"."windDirection", "public"."Forecast"."swellHeight", "public"."Forecast"."swellPeriod", "public"."Forecast"."swellDirection"
prisma:query COMMIT
[getLatestConditions] ≡ƒÆ╛ Storing forecast for western-cape on 2026-04-10
prisma:query BEGIN
prisma:query DEALLOCATE ALL
prisma:query INSERT INTO "public"."Forecast" ("id","date","regionId","source","windSpeed","windDirection","swellHeight","swellPeriod","swellDirection") VALUES ($1,$2,$3,CAST($4::text AS "public"."ForecastSource"),$5,$6,$7,$8,$9) ON CONFLICT ("date","regionId","source") DO UPDATE SET "windSpeed" = $10, "windDirection" = $11, "swellHeight" = $12, "swellPeriod" = $13, "swellDirection" = $14 WHERE (("public"."Forecast"."date" = $15 AND "public"."Forecast"."regionId" = $16 AND "public"."Forecast"."source" = CAST($17::text AS "public"."ForecastSource")) AND 1=1) RETURNING "public"."Forecast"."id", "public"."Forecast"."date", "public"."Forecast"."regionId", "public"."Forecast"."source"::text, "public"."Forecast"."windSpeed", "public"."Forecast"."windDirection", "public"."Forecast"."swellHeight", "public"."Forecast"."swellPeriod", "public"."Forecast"."swellDirection"
prisma:query COMMIT
[getLatestConditions] ≡ƒÆ╛ Storing forecast for western-cape on 2026-04-11
prisma:query BEGIN
prisma:query DEALLOCATE ALL
prisma:query INSERT INTO "public"."Forecast" ("id","date","regionId","source","windSpeed","windDirection","swellHeight","swellPeriod","swellDirection") VALUES ($1,$2,$3,CAST($4::text AS "public"."ForecastSource"),$5,$6,$7,$8,$9) ON CONFLICT ("date","regionId","source") DO UPDATE SET "windSpeed" = $10, "windDirection" = $11, "swellHeight" = $12, "swellPeriod" = $13, "swellDirection" = $14 WHERE (("public"."Forecast"."date" = $15 AND "public"."Forecast"."regionId" = $16 AND "public"."Forecast"."source" = CAST($17::text AS "public"."ForecastSource")) AND 1=1) RETURNING "public"."Forecast"."id", "public"."Forecast"."date", "public"."Forecast"."regionId", "public"."Forecast"."source"::text, "public"."Forecast"."windSpeed", "public"."Forecast"."windDirection", "public"."Forecast"."swellHeight", "public"."Forecast"."swellPeriod", "public"."Forecast"."swellDirection"
prisma:query COMMIT
[getLatestConditions] ≡ƒÆ╛ Storing forecast for western-cape on 2026-04-12
prisma:query BEGIN
prisma:query DEALLOCATE ALL
prisma:query INSERT INTO "public"."Forecast" ("id","date","regionId","source","windSpeed","windDirection","swellHeight","swellPeriod","swellDirection") VALUES ($1,$2,$3,CAST($4::text AS "public"."ForecastSource"),$5,$6,$7,$8,$9) ON CONFLICT ("date","regionId","source") DO UPDATE SET "windSpeed" = $10, "windDirection" = $11, "swellHeight" = $12, "swellPeriod" = $13, "swellDirection" = $14 WHERE (("public"."Forecast"."date" = $15 AND "public"."Forecast"."regionId" = $16 AND "public"."Forecast"."source" = CAST($17::text AS "public"."ForecastSource")) AND 1=1) RETURNING "public"."Forecast"."id", "public"."Forecast"."date", "public"."Forecast"."regionId", "public"."Forecast"."source"::text, "public"."Forecast"."windSpeed", "public"."Forecast"."windDirection", "public"."Forecast"."swellHeight", "public"."Forecast"."swellPeriod", "public"."Forecast"."swellDirection"
prisma:query COMMIT
[getLatestConditions] ≡ƒÆ╛ Storing forecast for western-cape on 2026-04-13
prisma:query BEGIN
prisma:query DEALLOCATE ALL
prisma:query INSERT INTO "public"."Forecast" ("id","date","regionId","source","windSpeed","windDirection","swellHeight","swellPeriod","swellDirection") VALUES ($1,$2,$3,CAST($4::text AS "public"."ForecastSource"),$5,$6,$7,$8,$9) ON CONFLICT ("date","regionId","source") DO UPDATE SET "windSpeed" = $10, "windDirection" = $11, "swellHeight" = $12, "swellPeriod" = $13, "swellDirection" = $14 WHERE (("public"."Forecast"."date" = $15 AND "public"."Forecast"."regionId" = $16 AND "public"."Forecast"."source" = CAST($17::text AS "public"."ForecastSource")) AND 1=1) RETURNING "public"."Forecast"."id", "public"."Forecast"."date", "public"."Forecast"."regionId", "public"."Forecast"."source"::text, "public"."Forecast"."windSpeed", "public"."Forecast"."windDirection", "public"."Forecast"."swellHeight", "public"."Forecast"."swellPeriod", "public"."Forecast"."swellDirection"
prisma:query COMMIT
[getLatestConditions] ≡ƒÆ╛ Storing forecast for western-cape on 2026-04-14
prisma:query BEGIN
prisma:query DEALLOCATE ALL
prisma:query INSERT INTO "public"."Forecast" ("id","date","regionId","source","windSpeed","windDirection","swellHeight","swellPeriod","swellDirection") VALUES ($1,$2,$3,CAST($4::text AS "public"."ForecastSource"),$5,$6,$7,$8,$9) ON CONFLICT ("date","regionId","source") DO UPDATE SET "windSpeed" = $10, "windDirection" = $11, "swellHeight" = $12, "swellPeriod" = $13, "swellDirection" = $14 WHERE (("public"."Forecast"."date" = $15 AND "public"."Forecast"."regionId" = $16 AND "public"."Forecast"."source" = CAST($17::text AS "public"."ForecastSource")) AND 1=1) RETURNING "public"."Forecast"."id", "public"."Forecast"."date", "public"."Forecast"."regionId", "public"."Forecast"."source"::text, "public"."Forecast"."windSpeed", "public"."Forecast"."windDirection", "public"."Forecast"."swellHeight", "public"."Forecast"."swellPeriod", "public"."Forecast"."swellDirection"
prisma:query COMMIT
[getLatestConditions] ≡ƒÆ╛ Storing forecast for western-cape on 2026-04-15
prisma:query BEGIN
prisma:query DEALLOCATE ALL
prisma:query INSERT INTO "public"."Forecast" ("id","date","regionId","source","windSpeed","windDirection","swellHeight","swellPeriod","swellDirection") VALUES ($1,$2,$3,CAST($4::text AS "public"."ForecastSource"),$5,$6,$7,$8,$9) ON CONFLICT ("date","regionId","source") DO UPDATE SET "windSpeed" = $10, "windDirection" = $11, "swellHeight" = $12, "swellPeriod" = $13, "swellDirection" = $14 WHERE (("public"."Forecast"."date" = $15 AND "public"."Forecast"."regionId" = $16 AND "public"."Forecast"."source" = CAST($17::text AS "public"."ForecastSource")) AND 1=1) RETURNING "public"."Forecast"."id", "public"."Forecast"."date", "public"."Forecast"."regionId", "public"."Forecast"."source"::text, "public"."Forecast"."windSpeed", "public"."Forecast"."windDirection", "public"."Forecast"."swellHeight", "public"."Forecast"."swellPeriod", "public"."Forecast"."swellDirection"
prisma:query COMMIT
[getLatestConditions] ≡ƒÆ╛ Storing forecast for western-cape on 2026-04-16
prisma:query BEGIN
prisma:query DEALLOCATE ALL
prisma:query INSERT INTO "public"."Forecast" ("id","date","regionId","source","windSpeed","windDirection","swellHeight","swellPeriod","swellDirection") VALUES ($1,$2,$3,CAST($4::text AS "public"."ForecastSource"),$5,$6,$7,$8,$9) ON CONFLICT ("date","regionId","source") DO UPDATE SET "windSpeed" = $10, "windDirection" = $11, "swellHeight" = $12, "swellPeriod" = $13, "swellDirection" = $14 WHERE (("public"."Forecast"."date" = $15 AND "public"."Forecast"."regionId" = $16 AND "public"."Forecast"."source" = CAST($17::text AS "public"."ForecastSource")) AND 1=1) RETURNING "public"."Forecast"."id", "public"."Forecast"."date", "public"."Forecast"."regionId", "public"."Forecast"."source"::text, "public"."Forecast"."windSpeed", "public"."Forecast"."windDirection", "public"."Forecast"."swellHeight", "public"."Forecast"."swellPeriod", "public"."Forecast"."swellDirection"
prisma:query COMMIT
[getLatestConditions] ≡ƒÆ╛ Storing forecast for western-cape on 2026-04-17
prisma:query BEGIN
prisma:query DEALLOCATE ALL
prisma:query INSERT INTO "public"."Forecast" ("id","date","regionId","source","windSpeed","windDirection","swellHeight","swellPeriod","swellDirection") VALUES ($1,$2,$3,CAST($4::text AS "public"."ForecastSource"),$5,$6,$7,$8,$9) ON CONFLICT ("date","regionId","source") DO UPDATE SET "windSpeed" = $10, "windDirection" = $11, "swellHeight" = $12, "swellPeriod" = $13, "swellDirection" = $14 WHERE (("public"."Forecast"."date" = $15 AND "public"."Forecast"."regionId" = $16 AND "public"."Forecast"."source" = CAST($17::text AS "public"."ForecastSource")) AND 1=1) RETURNING "public"."Forecast"."id", "public"."Forecast"."date", "public"."Forecast"."regionId", "public"."Forecast"."source"::text, "public"."Forecast"."windSpeed", "public"."Forecast"."windDirection", "public"."Forecast"."swellHeight", "public"."Forecast"."swellPeriod", "public"."Forecast"."swellDirection"
prisma:query COMMIT
[getLatestConditions] ≡ƒÆ╛ Storing forecast for western-cape on 2026-04-18
prisma:query BEGIN
prisma:query DEALLOCATE ALL
prisma:query INSERT INTO "public"."Forecast" ("id","date","regionId","source","windSpeed","windDirection","swellHeight","swellPeriod","swellDirection") VALUES ($1,$2,$3,CAST($4::text AS "public"."ForecastSource"),$5,$6,$7,$8,$9) ON CONFLICT ("date","regionId","source") DO UPDATE SET "windSpeed" = $10, "windDirection" = $11, "swellHeight" = $12, "swellPeriod" = $13, "swellDirection" = $14 WHERE (("public"."Forecast"."date" = $15 AND "public"."Forecast"."regionId" = $16 AND "public"."Forecast"."source" = CAST($17::text AS "public"."ForecastSource")) AND 1=1) RETURNING "public"."Forecast"."id", "public"."Forecast"."date", "public"."Forecast"."regionId", "public"."Forecast"."source"::text, "public"."Forecast"."windSpeed", "public"."Forecast"."windDirection", "public"."Forecast"."swellHeight", "public"."Forecast"."swellPeriod", "public"."Forecast"."swellDirection"
prisma:query COMMIT
[getLatestConditions] Γ£à Successfully stored 10 forecast(s) for western-cape (source: WINDY)
[getLatestConditions] ≡ƒôñ Returning forecast with source: WINDY, windSpeed: 0, swellHeight: 0.92
SourceC Scrape successful! Returned Forecast: {
  "id": "aad7daa9-b0a1-4f07-9b7c-ea5692101457",
  "date": "2026-04-09T00:00:00.000Z",
  "regionId": "western-cape",
  "source": "WINDY",
  "windSpeed": 0,
  "windDirection": 165,
  "swellHeight": 0.92,
  "swellPeriod": 9,
  "swellDirection": 186
}
