[prisma] Γ£à Using Supabase pooler with pgbouncer=true (prepared statements disabled)
[prisma] Connection URL (first 80 chars): postgresql://postgres.pffssccmdbopnlgjdhwh:SupabaseIsSupafly@aws-1-eu-west-1.poo...
[prisma] Γ£à Verified: pgbouncer=true is in connection URL
[dotenv@17.2.3] injecting env (0) from .env -- tip: Γ£à audit secrets and track compliance: https://dotenvx.com/ops
Testing forecast service for western-cape (WINDFINDER)...
[getLatestConditions] ≡ƒöì Looking up region by ID: "western-cape"
prisma:query BEGIN
prisma:query DEALLOCATE ALL
prisma:query SELECT "public"."Region"."id", "public"."Region"."name", "public"."Region"."countryId", "public"."Region"."continent" FROM "public"."Region" WHERE ("public"."Region"."id" = $1 AND 1=1) LIMIT $2 OFFSET $3
prisma:query COMMIT
[getLatestConditions] Γ£à Region found by ID: western-cape (Western Cape)
[getLatestConditions] ≡ƒöì Querying forecast for regionId: western-cape, date: 2026-03-24T00:00:00.000Z, source: WINDFINDER
prisma:query BEGIN
prisma:query DEALLOCATE ALL
prisma:query SELECT "public"."Forecast"."id", "public"."Forecast"."date", "public"."Forecast"."regionId", "public"."Forecast"."source"::text, "public"."Forecast"."windSpeed", "public"."Forecast"."windDirection", "public"."Forecast"."swellHeight", "public"."Forecast"."swellPeriod", "public"."Forecast"."swellDirection" FROM "public"."Forecast" WHERE ("public"."Forecast"."date" = $1 AND "public"."Forecast"."regionId" = $2 AND "public"."Forecast"."source" = CAST($3::text AS "public"."ForecastSource")) LIMIT $4 OFFSET $5
prisma:query COMMIT
[getLatestConditions] ≡ƒôè Forecast query result: {
  found: true,
  regionId: 'western-cape',
  date: '2026-03-24T00:00:00.000Z',
  source: 'WINDFINDER',
  forceRefresh: true,
  existingSource: 'WINDFINDER',
  windDirection: 0,
  swellDirection: 0
}
[getLatestConditions] ΓÜá∩╕Å Found existing forecast with missing direction data (windDirection: 0, swellDirection: 0), re-scraping...
[getLatestConditions] ≡ƒöº Using sourceA for WINDFINDER
[getLatestConditions] ≡ƒîÉ Scraping forecast for western-cape from https://www.windfinder.com/forecast/muizenberg (source: WINDFINDER)

=== Starting Puppeteer Scraper ===
Scraping URL: https://www.windfinder.com/forecast/muizenberg
Region: western-cape
Using system Chrome for local development
Γ£à Browser launched
Γ£à New page created
[Browser] Failed to load resource: net::ERR_FAILED
[Browser] Failed to load resource: net::ERR_FAILED
[Browser] Failed to load resource: net::ERR_FAILED
[Browser] Failed to load resource: net::ERR_FAILED
[Browser] Failed to load resource: net::ERR_FAILED
[Browser] Failed to load resource: net::ERR_FAILED
[Browser] Failed to load resource: net::ERR_FAILED
[Browser] Failed to load resource: net::ERR_FAILED
[Browser] Failed to load resource: net::ERR_FAILED
[Browser] Failed to load resource: net::ERR_FAILED
[Browser] Failed to load resource: net::ERR_FAILED
[Browser] Failed to load resource: net::ERR_FAILED
[Browser] Failed to load resource: net::ERR_FAILED
[Browser] Failed to load resource: net::ERR_FAILED
[Browser] Failed to load resource: net::ERR_FAILED
[Browser] Failed to load resource: net::ERR_FAILED
[Browser] %cπÇÉAdEngineπÇæ(production-129) queued at 2312ms and loaded in 145ms. (windfinder.com:18170-1774344714242-default) color:#2dc9ac;
ΓÅ│ Waiting for forecast data to load...
[Browser] [GPT] Using deprecated googletag.encryptedSignalProviders. Please use googletag.secureSignalProviders instead.
https://goo.gle/gpt-message#155
Γ£à Forecast data detected on page
Γ£à Page loaded. Body text length: 7969
Γ£à Found forecast container
[Browser] Anonymised tag: Unset or used incorrect value of the cmp-provider:'undefined'. 
        The default TCFv2 API will be used
[Browser] Failed to load resource: net::ERR_FAILED
[Browser] AuthModule initialized
[Browser] The resource https://cdn.windfinder.net/prod/assets/ic-logo-default.DHU-ZuNA.webp was preloaded using link preload but not used within a few seconds from the window's load event. Please make sure it has an appropriate `as` value and it is preloaded intentionally.
[Browser] The resource https://cdn.windfinder.net/prod/assets/bg-siteheader-isolines-light.C8-NtO0X.webp was preloaded using link preload but not used within a few seconds from the window's load event. Please make sure it has an appropriate `as` value and it is preloaded intentionally.
≡ƒô╕ Screenshot saved to scraper-debug.png
[Browser] Starting 3pc test
[Browser] 3PC enabled: true
[Browser] Storage API: cookie access granted
[Browser] Failed to load resource: net::ERR_FAILED
[Browser] Failed to load resource: net::ERR_FAILED
[Browser] Failed to load resource: net::ERR_FAILED
[Browser] Anonymised tag: GPT Targeting is enabled but the AD request does not include anonymised segments
[Browser] Failed to load resource: net::ERR_FAILED
[Browser] AnonRetargeting: auth token expired. Retargeting will start after OOF
[Browser] Failed to load resource: net::ERR_FAILED
[Browser] Failed to load resource: net::ERR_FAILED
[Browser] Failed to load resource: net::ERR_FAILED
[Browser] Failed to load resource: net::ERR_FAILED
[Browser] Failed to load resource: net::ERR_FAILED
[Browser] Failed to load resource: net::ERR_FAILED
[Browser] Failed to load resource: net::ERR_FAILED
node.exe : Γ¥î Failed to parse forecast days or rows.
At C:\Program Files\nodejs\npx.ps1:29 char:3
+   & $NODE_EXE $NPX_CLI_JS $args
+   ~~~~~~~~~~~~~~~~~~~~~~~~~~~~~
    + CategoryInfo          : NotSpecified: (Γ¥î Failed to p...t days or rows.:String) 
    [], RemoteException
    + FullyQualifiedErrorId : NativeCommandError
 

Γ¥î Scraping failed: No forecast columns could be extracted.
[getLatestConditions] Γ¥î Error scraping/storing forecast for western-cape: Error: No 
forecast columns could be extracted.
    at Object.scraperA 
(K:\Kea\tide-raider-fullstack\backend\src\lib\scrapers\scraperA.ts:282:14)
    at async getLatestConditions 
(K:\Kea\tide-raider-fullstack\backend\src\services\surfConditionsService.ts:250:30)
    at async main (K:\Kea\tide-raider-fullstack\backend\scripts\test-service.ts:9:26)
Service failed: No forecast columns could be extracted.
Error: No forecast columns could be extracted.
    at Object.scraperA 
(K:\Kea\tide-raider-fullstack\backend\src\lib\scrapers\scraperA.ts:282:14)
    at async getLatestConditions 
(K:\Kea\tide-raider-fullstack\backend\src\services\surfConditionsService.ts:250:30)
    at async main (K:\Kea\tide-raider-fullstack\backend\scripts\test-service.ts:9:26)
